Blender 4.0.2 (hash 9be62e85b727 built 2023-12-05 08:05:41)
Info: Total files 0 | Changed 0 | Failed 0
Fra:1 Mem:24.12M (Peak 24.38M) | Time:00:00.30 | Mem:0.00M, Peak:0.00M | Scene, ViewLayer | Synchronizing object | FJ1508
Fra:1 Mem:26.16M (Peak 26.16M) | Time:00:00.30 | Mem:0.00M, Peak:0.00M | Scene, ViewLayer | Synchronizing object | FJ1504
Fra:1 Mem:26.35M (Peak 26.35M) | Time:00:00.31 | Mem:0.00M, Peak:0.00M | Scene, ViewLayer | Synchronizing object | FJ1500
Fra:1 Mem:26.41M (Peak 26.41M) | Time:00:00.32 | Mem:0.00M, Peak:0.00M | Scene, ViewLayer | Synchronizing object | FJ1506
Fra:1 Mem:26.48M (Peak 26.48M) | Time:00:00.32 | Mem:0.00M, Peak:0.00M | Scene, ViewLayer | Synchronizing object | FJ3368
Fra:1 Mem:26.81M (Peak 26.81M) | Time:00:00.33 | Mem:0.00M, Peak:0.00M | Scene, ViewLayer | Synchronizing object | FJ3384
Fra:1 Mem:26.81M (Peak 26.81M) | Time:00:00.33 | Mem:0.00M, Peak:0.00M | Scene, ViewLayer | Synchronizing object | FJ3362
Fra:1 Mem:28.13M (Peak 30.14M) | Time:00:00.47 | Mem:0.00M, Peak:0.00M | Scene, ViewLayer | Initializing
Fra:1 Mem:26.29M (Peak 30.14M) | Time:00:00.47 | Mem:0.00M, Peak:0.00M | Scene, ViewLayer | Waiting for render to start
Fra:1 Mem:26.30M (Peak 30.14M) | Time:00:00.47 | Mem:0.00M, Peak:0.00M | Scene, ViewLayer | Loading render kernels (may take a few minutes the first time)
Fra:1 Mem:26.30M (Peak 30.14M) | Time:00:00.47 | Mem:0.00M, Peak:0.00M | Scene, ViewLayer | Updating Scene
Fra:1 Mem:26.30M (Peak 30.14M) | Time:00:00.47 | Mem:0.00M, Peak:0.00M | Scene, ViewLayer | Updating Shaders
Fra:1 Mem:26.38M (Peak 30.14M) | Time:00:00.47 | Mem:0.01M, Peak:0.01M | Scene, ViewLayer | Updating Procedurals
Fra:1 Mem:26.38M (Peak 30.14M) | Time:00:00.47 | Mem:0.01M, Peak:0.01M | Scene, ViewLayer | Updating Background
Fra:1 Mem:26.38M (Peak 30.14M) | Time:00:00.48 | Mem:0.01M, Peak:0.01M | Scene, ViewLayer | Updating Camera
Fra:1 Mem:26.38M (Peak 30.14M) | Time:00:00.48 | Mem:0.01M, Peak:0.01M | Scene, ViewLayer | Updating Meshes Flags
Fra:1 Mem:26.38M (Peak 30.14M) | Time:00:00.48 | Mem:0.01M, Peak:0.01M | Scene, ViewLayer | Updating Objects
Fra:1 Mem:26.38M (Peak 30.14M) | Time:00:00.48 | Mem:0.01M, Peak:0.01M | Scene, ViewLayer | Updating Objects | Copying Transformations to device
Fra:1 Mem:26.38M (Peak 30.14M) | Time:00:00.48 | Mem:0.01M, Peak:0.01M | Scene, ViewLayer | Updating Objects | Applying Static Transformations
Fra:1 Mem:26.38M (Peak 30.14M) | Time:00:00.48 | Mem:0.01M, Peak:0.01M | Scene, ViewLayer | Updating Particle Systems
Fra:1 Mem:26.38M (Peak 30.14M) | Time:00:00.48 | Mem:0.01M, Peak:0.01M | Scene, ViewLayer | Updating Particle Systems | Copying Particles to device
Fra:1 Mem:26.39M (Peak 30.14M) | Time:00:00.48 | Mem:0.01M, Peak:0.01M | Scene, ViewLayer | Updating Meshes
Fra:1 Mem:26.93M (Peak 30.14M) | Time:00:00.48 | Mem:0.01M, Peak:0.01M | Scene, ViewLayer | Updating Mesh | Computing attributes
Fra:1 Mem:27.16M (Peak 30.14M) | Time:00:00.48 | Mem:0.01M, Peak:0.01M | Scene, ViewLayer | Updating Mesh | Copying Attributes to device
Fra:1 Mem:27.16M (Peak 30.14M) | Time:00:00.48 | Mem:0.24M, Peak:0.24M | Scene, ViewLayer | Updating Scene BVH | Building
Fra:1 Mem:27.16M (Peak 30.14M) | Time:00:00.48 | Mem:0.24M, Peak:0.24M | Scene, ViewLayer | Updating Scene BVH | Building BVH
Fra:1 Mem:27.16M (Peak 30.14M) | Time:00:00.49 | Mem:1.33M, Peak:1.33M | Scene, ViewLayer | Updating Scene BVH | Building BVH 0%
Fra:1 Mem:27.16M (Peak 30.14M) | Time:00:00.55 | Mem:2.62M, Peak:3.70M | Scene, ViewLayer | Updating Scene BVH | Copying BVH to device
Fra:1 Mem:27.16M (Peak 30.14M) | Time:00:00.55 | Mem:2.62M, Peak:3.70M | Scene, ViewLayer | Updating Mesh | Computing normals
Fra:1 Mem:28.47M (Peak 30.14M) | Time:00:00.55 | Mem:2.62M, Peak:3.70M | Scene, ViewLayer | Updating Mesh | Copying Mesh to device
Fra:1 Mem:28.47M (Peak 30.14M) | Time:00:00.55 | Mem:3.93M, Peak:3.93M | Scene, ViewLayer | Updating Objects Flags
Fra:1 Mem:28.47M (Peak 30.14M) | Time:00:00.55 | Mem:3.93M, Peak:3.93M | Scene, ViewLayer | Updating Primitive Offsets
Fra:1 Mem:28.47M (Peak 30.14M) | Time:00:00.55 | Mem:3.93M, Peak:3.93M | Scene, ViewLayer | Updating Images
Fra:1 Mem:28.47M (Peak 30.14M) | Time:00:00.55 | Mem:3.93M, Peak:3.93M | Scene, ViewLayer | Updating Camera Volume
Fra:1 Mem:28.47M (Peak 30.14M) | Time:00:00.55 | Mem:3.93M, Peak:3.93M | Scene, ViewLayer | Updating Lookup Tables
Fra:1 Mem:28.47M (Peak 30.14M) | Time:00:00.55 | Mem:4.01M, Peak:4.01M | Scene, ViewLayer | Updating Lights
Fra:1 Mem:28.47M (Peak 30.14M) | Time:00:00.55 | Mem:4.01M, Peak:4.01M | Scene, ViewLayer | Updating Lights | Computing distribution
Fra:1 Mem:28.47M (Peak 30.14M) | Time:00:00.55 | Mem:4.01M, Peak:4.01M | Scene, ViewLayer | Updating Lights | Computing tree
Fra:1 Mem:28.47M (Peak 30.14M) | Time:00:00.55 | Mem:4.01M, Peak:4.01M | Scene, ViewLayer | Updating Integrator
Fra:1 Mem:29.47M (Peak 30.14M) | Time:00:00.55 | Mem:5.01M, Peak:5.01M | Scene, ViewLayer | Updating Film
Fra:1 Mem:29.48M (Peak 30.14M) | Time:00:00.55 | Mem:4.93M, Peak:5.01M | Scene, ViewLayer | Updating Lookup Tables
Fra:1 Mem:29.48M (Peak 30.14M) | Time:00:00.55 | Mem:5.01M, Peak:5.01M | Scene, ViewLayer | Updating Baking
Fra:1 Mem:29.48M (Peak 30.14M) | Time:00:00.55 | Mem:5.01M, Peak:5.01M | Scene, ViewLayer | Updating Device | Writing constant memory
Fra:1 Mem:29.48M (Peak 30.14M) | Time:00:00.55 | Mem:5.01M, Peak:5.01M | Scene, ViewLayer | Sample 0/24
Fra:1 Mem:109.23M (Peak 109.23M) | Time:00:01.54 | Remaining:00:22.70 | Mem:84.74M, Peak:84.74M | Scene, ViewLayer | Sample 1/24
Fra:1 Mem:142.80M (Peak 193.16M) | Time:00:12.05 | Mem:84.74M, Peak:84.74M | Scene, ViewLayer | Sample 24/24
Fra:1 Mem:142.80M (Peak 193.16M) | Time:00:12.05 | Mem:84.74M, Peak:84.74M | Scene, ViewLayer | Finished
Saved: '/Users/arjan/Library/Mobile Documents/com~apple~CloudDocs/mcat/DO/wins/website/shoulder-2/arjan-portfolio/Documentation/reference-renders/posterior-cuff.png'
Time: 00:12.33 (Saving: 00:00.28)

Fra:1 Mem:26.61M (Peak 27.83M) | Time:00:00.00 | Mem:0.00M, Peak:0.00M | Scene, ViewLayer | Synchronizing object | FJ3384
Fra:1 Mem:26.61M (Peak 27.83M) | Time:00:00.00 | Mem:0.00M, Peak:0.00M | Scene, ViewLayer | Synchronizing object | FJ1508
Fra:1 Mem:27.84M (Peak 27.84M) | Time:00:00.00 | Mem:0.00M, Peak:0.00M | Scene, ViewLayer | Synchronizing object | FJ1504
Fra:1 Mem:28.10M (Peak 28.10M) | Time:00:00.00 | Mem:0.00M, Peak:0.00M | Scene, ViewLayer | Synchronizing object | FJ3362
Fra:1 Mem:28.09M (Peak 28.10M) | Time:00:00.00 | Mem:0.00M, Peak:0.00M | Scene, ViewLayer | Synchronizing object | FJ1500
Fra:1 Mem:28.13M (Peak 28.13M) | Time:00:00.01 | Mem:0.00M, Peak:0.00M | Scene, ViewLayer | Synchronizing object | FJ1506
Fra:1 Mem:28.23M (Peak 28.23M) | Time:00:00.01 | Mem:0.00M, Peak:0.00M | Scene, ViewLayer | Synchronizing object | FJ3368
Fra:1 Mem:28.13M (Peak 30.47M) | Time:00:00.01 | Mem:0.00M, Peak:0.00M | Scene, ViewLayer | Initializing
Fra:1 Mem:26.29M (Peak 30.47M) | Time:00:00.01 | Mem:0.00M, Peak:0.00M | Scene, ViewLayer | Waiting for render to start
Fra:1 Mem:26.30M (Peak 30.47M) | Time:00:00.01 | Mem:0.00M, Peak:0.00M | Scene, ViewLayer | Loading render kernels (may take a few minutes the first time)
Fra:1 Mem:26.30M (Peak 30.47M) | Time:00:00.01 | Mem:0.00M, Peak:0.00M | Scene, ViewLayer | Updating Scene
Fra:1 Mem:26.30M (Peak 30.47M) | Time:00:00.01 | Mem:0.00M, Peak:0.00M | Scene, ViewLayer | Updating Shaders
Fra:1 Mem:26.38M (Peak 30.47M) | Time:00:00.02 | Mem:0.01M, Peak:0.01M | Scene, ViewLayer | Updating Procedurals
Fra:1 Mem:26.38M (Peak 30.47M) | Time:00:00.02 | Mem:0.01M, Peak:0.01M | Scene, ViewLayer | Updating Background
Fra:1 Mem:26.38M (Peak 30.47M) | Time:00:00.02 | Mem:0.01M, Peak:0.01M | Scene, ViewLayer | Updating Camera
Fra:1 Mem:26.38M (Peak 30.47M) | Time:00:00.02 | Mem:0.01M, Peak:0.01M | Scene, ViewLayer | Updating Meshes Flags
Fra:1 Mem:26.38M (Peak 30.47M) | Time:00:00.02 | Mem:0.01M, Peak:0.01M | Scene, ViewLayer | Updating Objects
Fra:1 Mem:26.38M (Peak 30.47M) | Time:00:00.02 | Mem:0.01M, Peak:0.01M | Scene, ViewLayer | Updating Objects | Copying Transformations to device
Fra:1 Mem:26.38M (Peak 30.47M) | Time:00:00.02 | Mem:0.01M, Peak:0.01M | Scene, ViewLayer | Updating Objects | Applying Static Transformations
Fra:1 Mem:26.38M (Peak 30.47M) | Time:00:00.02 | Mem:0.01M, Peak:0.01M | Scene, ViewLayer | Updating Particle Systems
Fra:1 Mem:26.38M (Peak 30.47M) | Time:00:00.02 | Mem:0.01M, Peak:0.01M | Scene, ViewLayer | Updating Particle Systems | Copying Particles to device
Fra:1 Mem:26.39M (Peak 30.47M) | Time:00:00.02 | Mem:0.01M, Peak:0.01M | Scene, ViewLayer | Updating Meshes
Fra:1 Mem:26.93M (Peak 30.47M) | Time:00:00.02 | Mem:0.01M, Peak:0.01M | Scene, ViewLayer | Updating Mesh | Computing attributes
Fra:1 Mem:27.16M (Peak 30.47M) | Time:00:00.02 | Mem:0.01M, Peak:0.01M | Scene, ViewLayer | Updating Mesh | Copying Attributes to device
Fra:1 Mem:27.16M (Peak 30.47M) | Time:00:00.02 | Mem:0.24M, Peak:0.24M | Scene, ViewLayer | Updating Scene BVH | Building
Fra:1 Mem:27.16M (Peak 30.47M) | Time:00:00.02 | Mem:0.24M, Peak:0.24M | Scene, ViewLayer | Updating Scene BVH | Building BVH
Fra:1 Mem:27.16M (Peak 30.47M) | Time:00:00.02 | Mem:1.33M, Peak:1.33M | Scene, ViewLayer | Updating Scene BVH | Building BVH 0%
Fra:1 Mem:27.16M (Peak 30.47M) | Time:00:00.03 | Mem:2.62M, Peak:3.70M | Scene, ViewLayer | Updating Scene BVH | Copying BVH to device
Fra:1 Mem:27.16M (Peak 30.47M) | Time:00:00.03 | Mem:2.62M, Peak:3.70M | Scene, ViewLayer | Updating Mesh | Computing normals
Fra:1 Mem:28.47M (Peak 30.47M) | Time:00:00.03 | Mem:2.62M, Peak:3.70M | Scene, ViewLayer | Updating Mesh | Copying Mesh to device
Fra:1 Mem:28.47M (Peak 30.47M) | Time:00:00.03 | Mem:3.93M, Peak:3.93M | Scene, ViewLayer | Updating Objects Flags
Fra:1 Mem:28.47M (Peak 30.47M) | Time:00:00.03 | Mem:3.93M, Peak:3.93M | Scene, ViewLayer | Updating Primitive Offsets
Fra:1 Mem:28.47M (Peak 30.47M) | Time:00:00.03 | Mem:3.93M, Peak:3.93M | Scene, ViewLayer | Updating Images
Fra:1 Mem:28.47M (Peak 30.47M) | Time:00:00.03 | Mem:3.93M, Peak:3.93M | Scene, ViewLayer | Updating Camera Volume
Fra:1 Mem:28.47M (Peak 30.47M) | Time:00:00.03 | Mem:3.93M, Peak:3.93M | Scene, ViewLayer | Updating Lookup Tables
Fra:1 Mem:28.47M (Peak 30.47M) | Time:00:00.03 | Mem:4.01M, Peak:4.01M | Scene, ViewLayer | Updating Lights
Fra:1 Mem:28.47M (Peak 30.47M) | Time:00:00.03 | Mem:4.01M, Peak:4.01M | Scene, ViewLayer | Updating Lights | Computing distribution
Fra:1 Mem:28.47M (Peak 30.47M) | Time:00:00.03 | Mem:4.01M, Peak:4.01M | Scene, ViewLayer | Updating Lights | Computing tree
Fra:1 Mem:28.47M (Peak 30.47M) | Time:00:00.03 | Mem:4.01M, Peak:4.01M | Scene, ViewLayer | Updating Integrator
Fra:1 Mem:29.47M (Peak 30.47M) | Time:00:00.03 | Mem:5.01M, Peak:5.01M | Scene, ViewLayer | Updating Film
Fra:1 Mem:29.48M (Peak 30.47M) | Time:00:00.03 | Mem:4.93M, Peak:5.01M | Scene, ViewLayer | Updating Lookup Tables
Fra:1 Mem:29.48M (Peak 30.47M) | Time:00:00.03 | Mem:5.01M, Peak:5.01M | Scene, ViewLayer | Updating Baking
Fra:1 Mem:29.48M (Peak 30.47M) | Time:00:00.03 | Mem:5.01M, Peak:5.01M | Scene, ViewLayer | Updating Device | Writing constant memory
Fra:1 Mem:29.48M (Peak 30.47M) | Time:00:00.03 | Mem:5.01M, Peak:5.01M | Scene, ViewLayer | Sample 0/24
Fra:1 Mem:109.23M (Peak 109.23M) | Time:00:00.24 | Remaining:00:04.90 | Mem:84.74M, Peak:84.74M | Scene, ViewLayer | Sample 1/24
Fra:1 Mem:142.80M (Peak 193.16M) | Time:00:08.88 | Mem:84.74M, Peak:84.74M | Scene, ViewLayer | Sample 24/24
Fra:1 Mem:142.80M (Peak 193.16M) | Time:00:08.88 | Mem:84.74M, Peak:84.74M | Scene, ViewLayer | Finished
Saved: '/Users/arjan/Library/Mobile Documents/com~apple~CloudDocs/mcat/DO/wins/website/shoulder-2/arjan-portfolio/Documentation/reference-renders/anterior-cuff.png'
Time: 00:09.13 (Saving: 00:00.24)

Fra:1 Mem:26.61M (Peak 27.83M) | Time:00:00.01 | Mem:0.00M, Peak:0.00M | Scene, ViewLayer | Synchronizing object | FJ1508
Fra:1 Mem:26.61M (Peak 27.83M) | Time:00:00.02 | Mem:0.00M, Peak:0.00M | Scene, ViewLayer | Synchronizing object | FJ1504
Fra:1 Mem:28.13M (Peak 30.47M) | Time:00:00.03 | Mem:0.00M, Peak:0.00M | Scene, ViewLayer | Initializing
Fra:1 Mem:26.29M (Peak 30.47M) | Time:00:00.03 | Mem:0.00M, Peak:0.00M | Scene, ViewLayer | Waiting for render to start
Fra:1 Mem:26.30M (Peak 30.47M) | Time:00:00.03 | Mem:0.00M, Peak:0.00M | Scene, ViewLayer | Loading render kernels (may take a few minutes the first time)
Fra:1 Mem:26.30M (Peak 30.47M) | Time:00:00.03 | Mem:0.00M, Peak:0.00M | Scene, ViewLayer | Updating Scene
Fra:1 Mem:26.30M (Peak 30.47M) | Time:00:00.03 | Mem:0.00M, Peak:0.00M | Scene, ViewLayer | Updating Shaders
Fra:1 Mem:26.38M (Peak 30.47M) | Time:00:00.03 | Mem:0.01M, Peak:0.01M | Scene, ViewLayer | Updating Procedurals
Fra:1 Mem:26.38M (Peak 30.47M) | Time:00:00.03 | Mem:0.01M, Peak:0.01M | Scene, ViewLayer | Updating Background
Fra:1 Mem:26.38M (Peak 30.47M) | Time:00:00.04 | Mem:0.01M, Peak:0.01M | Scene, ViewLayer | Updating Camera
Fra:1 Mem:26.38M (Peak 30.47M) | Time:00:00.04 | Mem:0.01M, Peak:0.01M | Scene, ViewLayer | Updating Meshes Flags
Fra:1 Mem:26.38M (Peak 30.47M) | Time:00:00.04 | Mem:0.01M, Peak:0.01M | Scene, ViewLayer | Updating Objects
Fra:1 Mem:26.38M (Peak 30.47M) | Time:00:00.04 | Mem:0.01M, Peak:0.01M | Scene, ViewLayer | Updating Objects | Copying Transformations to device
Fra:1 Mem:26.38M (Peak 30.47M) | Time:00:00.04 | Mem:0.01M, Peak:0.01M | Scene, ViewLayer | Updating Objects | Applying Static Transformations
Fra:1 Mem:26.38M (Peak 30.47M) | Time:00:00.04 | Mem:0.01M, Peak:0.01M | Scene, ViewLayer | Updating Particle Systems
Fra:1 Mem:26.38M (Peak 30.47M) | Time:00:00.04 | Mem:0.01M, Peak:0.01M | Scene, ViewLayer | Updating Particle Systems | Copying Particles to device
Fra:1 Mem:26.39M (Peak 30.47M) | Time:00:00.04 | Mem:0.01M, Peak:0.01M | Scene, ViewLayer | Updating Meshes
Fra:1 Mem:26.93M (Peak 30.47M) | Time:00:00.04 | Mem:0.01M, Peak:0.01M | Scene, ViewLayer | Updating Mesh | Computing attributes
Fra:1 Mem:27.16M (Peak 30.47M) | Time:00:00.04 | Mem:0.01M, Peak:0.01M | Scene, ViewLayer | Updating Mesh | Copying Attributes to device
Fra:1 Mem:27.16M (Peak 30.47M) | Time:00:00.05 | Mem:0.24M, Peak:0.24M | Scene, ViewLayer | Updating Scene BVH | Building
Fra:1 Mem:27.16M (Peak 30.47M) | Time:00:00.06 | Mem:0.24M, Peak:0.24M | Scene, ViewLayer | Updating Scene BVH | Building BVH
Fra:1 Mem:27.16M (Peak 30.47M) | Time:00:00.06 | Mem:1.33M, Peak:1.33M | Scene, ViewLayer | Updating Scene BVH | Building BVH 0%
Fra:1 Mem:27.16M (Peak 30.47M) | Time:00:00.07 | Mem:2.62M, Peak:3.70M | Scene, ViewLayer | Updating Scene BVH | Copying BVH to device
Fra:1 Mem:27.16M (Peak 30.47M) | Time:00:00.07 | Mem:2.62M, Peak:3.70M | Scene, ViewLayer | Updating Mesh | Computing normals
Fra:1 Mem:28.47M (Peak 30.47M) | Time:00:00.07 | Mem:2.62M, Peak:3.70M | Scene, ViewLayer | Updating Mesh | Copying Mesh to device
Fra:1 Mem:28.47M (Peak 30.47M) | Time:00:00.07 | Mem:3.93M, Peak:3.93M | Scene, ViewLayer | Updating Objects Flags
Fra:1 Mem:28.47M (Peak 30.47M) | Time:00:00.07 | Mem:3.93M, Peak:3.93M | Scene, ViewLayer | Updating Primitive Offsets
Fra:1 Mem:28.47M (Peak 30.47M) | Time:00:00.07 | Mem:3.93M, Peak:3.93M | Scene, ViewLayer | Updating Images
Fra:1 Mem:28.47M (Peak 30.47M) | Time:00:00.07 | Mem:3.93M, Peak:3.93M | Scene, ViewLayer | Updating Camera Volume
Fra:1 Mem:28.47M (Peak 30.47M) | Time:00:00.07 | Mem:3.93M, Peak:3.93M | Scene, ViewLayer | Updating Lookup Tables
Fra:1 Mem:28.47M (Peak 30.47M) | Time:00:00.07 | Mem:4.01M, Peak:4.01M | Scene, ViewLayer | Updating Lights
Fra:1 Mem:28.47M (Peak 30.47M) | Time:00:00.07 | Mem:4.01M, Peak:4.01M | Scene, ViewLayer | Updating Lights | Computing distribution
Fra:1 Mem:28.47M (Peak 30.47M) | Time:00:00.07 | Mem:4.01M, Peak:4.01M | Scene, ViewLayer | Updating Lights | Computing tree
Fra:1 Mem:28.47M (Peak 30.47M) | Time:00:00.07 | Mem:4.01M, Peak:4.01M | Scene, ViewLayer | Updating Integrator
Fra:1 Mem:29.47M (Peak 30.47M) | Time:00:00.07 | Mem:5.01M, Peak:5.01M | Scene, ViewLayer | Updating Film
Fra:1 Mem:29.48M (Peak 30.47M) | Time:00:00.07 | Mem:4.93M, Peak:5.01M | Scene, ViewLayer | Updating Lookup Tables
Fra:1 Mem:29.48M (Peak 30.47M) | Time:00:00.07 | Mem:5.01M, Peak:5.01M | Scene, ViewLayer | Updating Baking
Fra:1 Mem:29.48M (Peak 30.47M) | Time:00:00.07 | Mem:5.01M, Peak:5.01M | Scene, ViewLayer | Updating Device | Writing constant memory
Fra:1 Mem:29.48M (Peak 30.47M) | Time:00:00.07 | Mem:5.01M, Peak:5.01M | Scene, ViewLayer | Sample 0/24
Fra:1 Mem:109.23M (Peak 109.23M) | Time:00:00.24 | Remaining:00:03.86 | Mem:84.74M, Peak:84.74M | Scene, ViewLayer | Sample 1/24
Fra:1 Mem:142.80M (Peak 193.16M) | Time:00:07.70 | Mem:84.74M, Peak:84.74M | Scene, ViewLayer | Sample 24/24
Fra:1 Mem:142.80M (Peak 193.16M) | Time:00:07.70 | Mem:84.74M, Peak:84.74M | Scene, ViewLayer | Finished
Saved: '/Users/arjan/Library/Mobile Documents/com~apple~CloudDocs/mcat/DO/wins/website/shoulder-2/arjan-portfolio/Documentation/reference-renders/superior-cuff.png'
Time: 00:07.93 (Saving: 00:00.22)

Fra:1 Mem:26.61M (Peak 27.83M) | Time:00:00.01 | Mem:0.00M, Peak:0.00M | Scene, ViewLayer | Synchronizing object | FJ3384
Fra:1 Mem:26.61M (Peak 27.83M) | Time:00:00.01 | Mem:0.00M, Peak:0.00M | Scene, ViewLayer | Synchronizing object | FJ1508
Fra:1 Mem:27.84M (Peak 27.84M) | Time:00:00.01 | Mem:0.00M, Peak:0.00M | Scene, ViewLayer | Synchronizing object | FJ1504
Fra:1 Mem:28.10M (Peak 28.10M) | Time:00:00.01 | Mem:0.00M, Peak:0.00M | Scene, ViewLayer | Synchronizing object | FJ3362
Fra:1 Mem:28.21M (Peak 28.21M) | Time:00:00.01 | Mem:0.00M, Peak:0.00M | Scene, ViewLayer | Synchronizing object | FJ3368
Fra:1 Mem:28.39M (Peak 28.39M) | Time:00:00.01 | Mem:0.00M, Peak:0.00M | Scene, ViewLayer | Synchronizing object | FJ1500
Fra:1 Mem:28.13M (Peak 30.47M) | Time:00:00.02 | Mem:0.00M, Peak:0.00M | Scene, ViewLayer | Initializing
Fra:1 Mem:26.29M (Peak 30.47M) | Time:00:00.02 | Mem:0.00M, Peak:0.00M | Scene, ViewLayer | Waiting for render to start
Fra:1 Mem:26.30M (Peak 30.47M) | Time:00:00.02 | Mem:0.00M, Peak:0.00M | Scene, ViewLayer | Loading render kernels (may take a few minutes the first time)
Fra:1 Mem:26.30M (Peak 30.47M) | Time:00:00.02 | Mem:0.00M, Peak:0.00M | Scene, ViewLayer | Updating Scene
Fra:1 Mem:26.30M (Peak 30.47M) | Time:00:00.02 | Mem:0.00M, Peak:0.00M | Scene, ViewLayer | Updating Shaders
Fra:1 Mem:26.38M (Peak 30.47M) | Time:00:00.02 | Mem:0.01M, Peak:0.01M | Scene, ViewLayer | Updating Procedurals
Fra:1 Mem:26.38M (Peak 30.47M) | Time:00:00.02 | Mem:0.01M, Peak:0.01M | Scene, ViewLayer | Updating Background
Fra:1 Mem:26.38M (Peak 30.47M) | Time:00:00.02 | Mem:0.01M, Peak:0.01M | Scene, ViewLayer | Updating Camera
Fra:1 Mem:26.38M (Peak 30.47M) | Time:00:00.02 | Mem:0.01M, Peak:0.01M | Scene, ViewLayer | Updating Meshes Flags
Fra:1 Mem:26.38M (Peak 30.47M) | Time:00:00.02 | Mem:0.01M, Peak:0.01M | Scene, ViewLayer | Updating Objects
Fra:1 Mem:26.38M (Peak 30.47M) | Time:00:00.02 | Mem:0.01M, Peak:0.01M | Scene, ViewLayer | Updating Objects | Copying Transformations to device
Fra:1 Mem:26.38M (Peak 30.47M) | Time:00:00.02 | Mem:0.01M, Peak:0.01M | Scene, ViewLayer | Updating Objects | Applying Static Transformations
Fra:1 Mem:26.38M (Peak 30.47M) | Time:00:00.02 | Mem:0.01M, Peak:0.01M | Scene, ViewLayer | Updating Particle Systems
Fra:1 Mem:26.38M (Peak 30.47M) | Time:00:00.02 | Mem:0.01M, Peak:0.01M | Scene, ViewLayer | Updating Particle Systems | Copying Particles to device
Fra:1 Mem:26.39M (Peak 30.47M) | Time:00:00.02 | Mem:0.01M, Peak:0.01M | Scene, ViewLayer | Updating Meshes
Fra:1 Mem:26.93M (Peak 30.47M) | Time:00:00.02 | Mem:0.01M, Peak:0.01M | Scene, ViewLayer | Updating Mesh | Computing attributes
Fra:1 Mem:27.16M (Peak 30.47M) | Time:00:00.02 | Mem:0.01M, Peak:0.01M | Scene, ViewLayer | Updating Mesh | Copying Attributes to device
Fra:1 Mem:27.16M (Peak 30.47M) | Time:00:00.02 | Mem:0.24M, Peak:0.24M | Scene, ViewLayer | Updating Scene BVH | Building
Fra:1 Mem:27.16M (Peak 30.47M) | Time:00:00.02 | Mem:0.24M, Peak:0.24M | Scene, ViewLayer | Updating Scene BVH | Building BVH
Fra:1 Mem:27.16M (Peak 30.47M) | Time:00:00.02 | Mem:1.33M, Peak:1.33M | Scene, ViewLayer | Updating Scene BVH | Building BVH 0%
Fra:1 Mem:27.16M (Peak 30.47M) | Time:00:00.03 | Mem:2.62M, Peak:3.70M | Scene, ViewLayer | Updating Scene BVH | Copying BVH to device
Fra:1 Mem:27.16M (Peak 30.47M) | Time:00:00.03 | Mem:2.62M, Peak:3.70M | Scene, ViewLayer | Updating Mesh | Computing normals
Fra:1 Mem:28.47M (Peak 30.47M) | Time:00:00.03 | Mem:2.62M, Peak:3.70M | Scene, ViewLayer | Updating Mesh | Copying Mesh to device
Fra:1 Mem:28.47M (Peak 30.47M) | Time:00:00.03 | Mem:3.93M, Peak:3.93M | Scene, ViewLayer | Updating Objects Flags
Fra:1 Mem:28.47M (Peak 30.47M) | Time:00:00.03 | Mem:3.93M, Peak:3.93M | Scene, ViewLayer | Updating Primitive Offsets
Fra:1 Mem:28.47M (Peak 30.47M) | Time:00:00.03 | Mem:3.93M, Peak:3.93M | Scene, ViewLayer | Updating Images
Fra:1 Mem:28.47M (Peak 30.47M) | Time:00:00.03 | Mem:3.93M, Peak:3.93M | Scene, ViewLayer | Updating Camera Volume
Fra:1 Mem:28.47M (Peak 30.47M) | Time:00:00.03 | Mem:3.93M, Peak:3.93M | Scene, ViewLayer | Updating Lookup Tables
Fra:1 Mem:28.47M (Peak 30.47M) | Time:00:00.03 | Mem:4.01M, Peak:4.01M | Scene, ViewLayer | Updating Lights
Fra:1 Mem:28.47M (Peak 30.47M) | Time:00:00.03 | Mem:4.01M, Peak:4.01M | Scene, ViewLayer | Updating Lights | Computing distribution
Fra:1 Mem:28.47M (Peak 30.47M) | Time:00:00.03 | Mem:4.01M, Peak:4.01M | Scene, ViewLayer | Updating Lights | Computing tree
Fra:1 Mem:28.47M (Peak 30.47M) | Time:00:00.03 | Mem:4.01M, Peak:4.01M | Scene, ViewLayer | Updating Integrator
Fra:1 Mem:29.47M (Peak 30.47M) | Time:00:00.03 | Mem:5.01M, Peak:5.01M | Scene, ViewLayer | Updating Film
Fra:1 Mem:29.48M (Peak 30.47M) | Time:00:00.03 | Mem:4.93M, Peak:5.01M | Scene, ViewLayer | Updating Lookup Tables
Fra:1 Mem:29.48M (Peak 30.47M) | Time:00:00.03 | Mem:5.01M, Peak:5.01M | Scene, ViewLayer | Updating Baking
Fra:1 Mem:29.48M (Peak 30.47M) | Time:00:00.03 | Mem:5.01M, Peak:5.01M | Scene, ViewLayer | Updating Device | Writing constant memory
Fra:1 Mem:29.48M (Peak 30.47M) | Time:00:00.03 | Mem:5.01M, Peak:5.01M | Scene, ViewLayer | Sample 0/24
Fra:1 Mem:109.23M (Peak 109.23M) | Time:00:00.22 | Remaining:00:04.30 | Mem:84.74M, Peak:84.74M | Scene, ViewLayer | Sample 1/24
Fra:1 Mem:142.80M (Peak 193.16M) | Time:00:06.13 | Mem:84.74M, Peak:84.74M | Scene, ViewLayer | Sample 24/24
Fra:1 Mem:142.80M (Peak 193.16M) | Time:00:06.13 | Mem:84.74M, Peak:84.74M | Scene, ViewLayer | Finished
Saved: '/Users/arjan/Library/Mobile Documents/com~apple~CloudDocs/mcat/DO/wins/website/shoulder-2/arjan-portfolio/Documentation/reference-renders/lateral-insertion.png'
Time: 00:06.32 (Saving: 00:00.18)

Fra:1 Mem:26.61M (Peak 27.83M) | Time:00:00.00 | Mem:0.00M, Peak:0.00M | Scene, ViewLayer | Synchronizing object | FJ3384
Fra:1 Mem:26.61M (Peak 27.83M) | Time:00:00.00 | Mem:0.00M, Peak:0.00M | Scene, ViewLayer | Synchronizing object | FJ3362
Fra:1 Mem:27.81M (Peak 27.83M) | Time:00:00.00 | Mem:0.00M, Peak:0.00M | Scene, ViewLayer | Synchronizing object | FJ1500
Fra:1 Mem:28.27M (Peak 28.27M) | Time:00:00.00 | Mem:0.00M, Peak:0.00M | Scene, ViewLayer | Synchronizing object | FJ1504
Fra:1 Mem:28.13M (Peak 30.47M) | Time:00:00.01 | Mem:0.00M, Peak:0.00M | Scene, ViewLayer | Initializing
Fra:1 Mem:26.29M (Peak 30.47M) | Time:00:00.01 | Mem:0.00M, Peak:0.00M | Scene, ViewLayer | Waiting for render to start
Fra:1 Mem:26.30M (Peak 30.47M) | Time:00:00.01 | Mem:0.00M, Peak:0.00M | Scene, ViewLayer | Loading render kernels (may take a few minutes the first time)
Fra:1 Mem:26.30M (Peak 30.47M) | Time:00:00.01 | Mem:0.00M, Peak:0.00M | Scene, ViewLayer | Updating Scene
Fra:1 Mem:26.30M (Peak 30.47M) | Time:00:00.01 | Mem:0.00M, Peak:0.00M | Scene, ViewLayer | Updating Shaders
Fra:1 Mem:26.38M (Peak 30.47M) | Time:00:00.02 | Mem:0.01M, Peak:0.01M | Scene, ViewLayer | Updating Procedurals
Fra:1 Mem:26.38M (Peak 30.47M) | Time:00:00.02 | Mem:0.01M, Peak:0.01M | Scene, ViewLayer | Updating Background
Fra:1 Mem:26.38M (Peak 30.47M) | Time:00:00.02 | Mem:0.01M, Peak:0.01M | Scene, ViewLayer | Updating Camera
Fra:1 Mem:26.38M (Peak 30.47M) | Time:00:00.02 | Mem:0.01M, Peak:0.01M | Scene, ViewLayer | Updating Meshes Flags
Fra:1 Mem:26.38M (Peak 30.47M) | Time:00:00.02 | Mem:0.01M, Peak:0.01M | Scene, ViewLayer | Updating Objects
Fra:1 Mem:26.38M (Peak 30.47M) | Time:00:00.02 | Mem:0.01M, Peak:0.01M | Scene, ViewLayer | Updating Objects | Copying Transformations to device
Fra:1 Mem:26.39M (Peak 30.47M) | Time:00:00.02 | Mem:0.01M, Peak:0.01M | Scene, ViewLayer | Updating Objects | Applying Static Transformations
Fra:1 Mem:26.39M (Peak 30.47M) | Time:00:00.02 | Mem:0.01M, Peak:0.01M | Scene, ViewLayer | Updating Particle Systems
Fra:1 Mem:26.39M (Peak 30.47M) | Time:00:00.02 | Mem:0.01M, Peak:0.01M | Scene, ViewLayer | Updating Particle Systems | Copying Particles to device
Fra:1 Mem:26.39M (Peak 30.47M) | Time:00:00.02 | Mem:0.01M, Peak:0.01M | Scene, ViewLayer | Updating Meshes
Fra:1 Mem:26.93M (Peak 30.47M) | Time:00:00.02 | Mem:0.01M, Peak:0.01M | Scene, ViewLayer | Updating Mesh | Computing attributes
Fra:1 Mem:27.16M (Peak 30.47M) | Time:00:00.02 | Mem:0.01M, Peak:0.01M | Scene, ViewLayer | Updating Mesh | Copying Attributes to device
Fra:1 Mem:27.16M (Peak 30.47M) | Time:00:00.02 | Mem:0.24M, Peak:0.24M | Scene, ViewLayer | Updating Scene BVH | Building
Fra:1 Mem:27.16M (Peak 30.47M) | Time:00:00.02 | Mem:0.24M, Peak:0.24M | Scene, ViewLayer | Updating Scene BVH | Building BVH
Fra:1 Mem:27.16M (Peak 30.47M) | Time:00:00.02 | Mem:1.33M, Peak:1.33M | Scene, ViewLayer | Updating Scene BVH | Building BVH 0%
Fra:1 Mem:27.16M (Peak 30.47M) | Time:00:00.02 | Mem:2.62M, Peak:3.70M | Scene, ViewLayer | Updating Scene BVH | Copying BVH to device
Fra:1 Mem:27.16M (Peak 30.47M) | Time:00:00.02 | Mem:2.62M, Peak:3.70M | Scene, ViewLayer | Updating Mesh | Computing normals
Fra:1 Mem:28.47M (Peak 30.47M) | Time:00:00.02 | Mem:2.62M, Peak:3.70M | Scene, ViewLayer | Updating Mesh | Copying Mesh to device
Fra:1 Mem:28.47M (Peak 30.47M) | Time:00:00.02 | Mem:3.93M, Peak:3.93M | Scene, ViewLayer | Updating Objects Flags
Fra:1 Mem:28.47M (Peak 30.47M) | Time:00:00.02 | Mem:3.93M, Peak:3.93M | Scene, ViewLayer | Updating Primitive Offsets
Fra:1 Mem:28.47M (Peak 30.47M) | Time:00:00.02 | Mem:3.93M, Peak:3.93M | Scene, ViewLayer | Updating Images
Fra:1 Mem:28.47M (Peak 30.47M) | Time:00:00.02 | Mem:3.93M, Peak:3.93M | Scene, ViewLayer | Updating Camera Volume
Fra:1 Mem:28.47M (Peak 30.47M) | Time:00:00.02 | Mem:3.93M, Peak:3.93M | Scene, ViewLayer | Updating Lookup Tables
Fra:1 Mem:28.47M (Peak 30.47M) | Time:00:00.02 | Mem:4.01M, Peak:4.01M | Scene, ViewLayer | Updating Lights
Fra:1 Mem:28.47M (Peak 30.47M) | Time:00:00.02 | Mem:4.01M, Peak:4.01M | Scene, ViewLayer | Updating Lights | Computing distribution
Fra:1 Mem:28.47M (Peak 30.47M) | Time:00:00.02 | Mem:4.01M, Peak:4.01M | Scene, ViewLayer | Updating Lights | Computing tree
Fra:1 Mem:28.47M (Peak 30.47M) | Time:00:00.02 | Mem:4.01M, Peak:4.01M | Scene, ViewLayer | Updating Integrator
Fra:1 Mem:29.47M (Peak 30.47M) | Time:00:00.02 | Mem:5.01M, Peak:5.01M | Scene, ViewLayer | Updating Film
Fra:1 Mem:29.48M (Peak 30.47M) | Time:00:00.02 | Mem:4.93M, Peak:5.01M | Scene, ViewLayer | Updating Lookup Tables
Fra:1 Mem:29.48M (Peak 30.47M) | Time:00:00.02 | Mem:5.01M, Peak:5.01M | Scene, ViewLayer | Updating Baking
Fra:1 Mem:29.48M (Peak 30.47M) | Time:00:00.02 | Mem:5.01M, Peak:5.01M | Scene, ViewLayer | Updating Device | Writing constant memory
Fra:1 Mem:29.48M (Peak 30.47M) | Time:00:00.02 | Mem:5.01M, Peak:5.01M | Scene, ViewLayer | Sample 0/24
Fra:1 Mem:109.23M (Peak 109.23M) | Time:00:00.27 | Remaining:00:05.79 | Mem:84.74M, Peak:84.74M | Scene, ViewLayer | Sample 1/24
Fra:1 Mem:142.80M (Peak 193.16M) | Time:00:10.41 | Mem:84.74M, Peak:84.74M | Scene, ViewLayer | Sample 24/24
Fra:1 Mem:142.80M (Peak 193.16M) | Time:00:10.42 | Mem:84.74M, Peak:84.74M | Scene, ViewLayer | Finished
Saved: '/Users/arjan/Library/Mobile Documents/com~apple~CloudDocs/mcat/DO/wins/website/shoulder-2/arjan-portfolio/Documentation/reference-renders/exploded-cuff.png'
Time: 00:10.58 (Saving: 00:00.16)

17:40:58 | INFO: Draco mesh compression is available, use library at /Applications/Blender.app/Contents/Resources/4.0/python/lib/python3.10/site-packages/libextern_draco.dylib
17:41:00 | INFO: Starting glTF 2.0 export
17:41:00 | INFO: Extracting primitive: FJ3384
17:41:00 | INFO: Primitives created: 1
17:41:00 | INFO: Extracting primitive: FJ3362
17:41:00 | INFO: Primitives created: 1
17:41:00 | INFO: Extracting primitive: FJ3368
17:41:00 | INFO: Primitives created: 1
17:41:00 | INFO: Extracting primitive: FJ1506
17:41:00 | INFO: Primitives created: 1
17:41:00 | INFO: Extracting primitive: FJ1500
17:41:00 | INFO: Primitives created: 1
17:41:00 | INFO: Extracting primitive: FJ1504
17:41:00 | INFO: Primitives created: 1
17:41:00 | INFO: Extracting primitive: FJ1508
17:41:00 | INFO: Primitives created: 1
17:41:00 | INFO: Extracting primitive: FJ1467
17:41:00 | INFO: Primitives created: 1
17:41:00 | INFO: Extracting primitive: FJ1468
17:41:00 | INFO: Primitives created: 1
17:41:00 | INFO: Extracting primitive: FJ1513
17:41:00 | INFO: Primitives created: 1
17:41:00 | INFO: Extracting primitive: FJ1478
17:41:00 | INFO: Primitives created: 1
17:41:00 | INFO: Extracting primitive: FJ3579
17:41:00 | INFO: Primitives created: 1
17:41:00 | INFO: Extracting primitive: FJ2268
17:41:00 | INFO: Primitives created: 1
17:41:00 | INFO: Extracting primitive: FJ2303
17:41:00 | INFO: Primitives created: 1
17:41:00 | INFO: Extracting primitive: FJ2298
17:41:00 | INFO: Primitives created: 1
17:41:00 | INFO: Extracting primitive: FJ2273
17:41:01 | INFO: Primitives created: 1
17:41:01 | INFO: Extracting primitive: FJ2269
17:41:01 | INFO: Primitives created: 1
17:41:01 | INFO: Extracting primitive: FJ2302
17:41:01 | INFO: Primitives created: 1
17:41:01 | INFO: Extracting primitive: FJ2299
17:41:01 | INFO: Primitives created: 1
17:41:01 | INFO: Extracting primitive: FJ2274
17:41:01 | INFO: Primitives created: 1
17:41:01 | INFO: Finished glTF 2.0 export in 0.9687700271606445 s

17:41:01 | INFO: Draco mesh compression is available, use library at /Applications/Blender.app/Contents/Resources/4.0/python/lib/python3.10/site-packages/libextern_draco.dylib
17:41:01 | INFO: Starting glTF 2.0 export
17:41:01 | INFO: Extracting primitive: FJ3384
17:41:01 | INFO: Primitives created: 1
17:41:01 | INFO: Extracting primitive: FJ3362
17:41:01 | INFO: Primitives created: 1
17:41:01 | INFO: Extracting primitive: FJ3368
17:41:02 | INFO: Primitives created: 1
17:41:02 | INFO: Extracting primitive: FJ1506
17:41:02 | INFO: Primitives created: 1
17:41:02 | INFO: Extracting primitive: FJ1500
17:41:02 | INFO: Primitives created: 1
17:41:02 | INFO: Extracting primitive: FJ1504
17:41:02 | INFO: Primitives created: 1
17:41:02 | INFO: Extracting primitive: FJ1508
17:41:02 | INFO: Primitives created: 1
17:41:02 | INFO: Extracting primitive: FJ1467
17:41:02 | INFO: Primitives created: 1
17:41:02 | INFO: Extracting primitive: FJ1468
17:41:02 | INFO: Primitives created: 1
17:41:02 | INFO: Extracting primitive: FJ1513
17:41:02 | INFO: Primitives created: 1
17:41:02 | INFO: Extracting primitive: FJ1478
17:41:02 | INFO: Primitives created: 1
17:41:02 | INFO: Extracting primitive: FJ3579
17:41:02 | INFO: Primitives created: 1
17:41:02 | INFO: Extracting primitive: FJ2268
17:41:02 | INFO: Primitives created: 1
17:41:02 | INFO: Extracting primitive: FJ2303
17:41:02 | INFO: Primitives created: 1
17:41:02 | INFO: Extracting primitive: FJ2298
17:41:02 | INFO: Primitives created: 1
17:41:02 | INFO: Extracting primitive: FJ2273
17:41:02 | INFO: Primitives created: 1
17:41:02 | INFO: Extracting primitive: FJ2269
17:41:02 | INFO: Primitives created: 1
17:41:02 | INFO: Extracting primitive: FJ2302
17:41:02 | INFO: Primitives created: 1
17:41:02 | INFO: Extracting primitive: FJ2299
17:41:02 | INFO: Primitives created: 1
17:41:02 | INFO: Extracting primitive: FJ2274
17:41:02 | INFO: Primitives created: 1
17:41:02 | INFO: Finished glTF 2.0 export in 0.8568758964538574 s

17:41:02 | INFO: Draco mesh compression is available, use library at /Applications/Blender.app/Contents/Resources/4.0/python/lib/python3.10/site-packages/libextern_draco.dylib
17:41:02 | INFO: Starting glTF 2.0 export
17:41:03 | INFO: Extracting primitive: FJ3384
17:41:03 | INFO: Primitives created: 1
17:41:03 | INFO: Extracting primitive: FJ3362
17:41:03 | INFO: Primitives created: 1
17:41:03 | INFO: Extracting primitive: FJ3368
17:41:03 | INFO: Primitives created: 1
17:41:03 | INFO: Extracting primitive: FJ1506
17:41:03 | INFO: Primitives created: 1
17:41:03 | INFO: Extracting primitive: FJ1500
17:41:03 | INFO: Primitives created: 1
17:41:03 | INFO: Extracting primitive: FJ1504
17:41:03 | INFO: Primitives created: 1
17:41:03 | INFO: Extracting primitive: FJ1508
17:41:03 | INFO: Primitives created: 1
17:41:03 | INFO: Extracting primitive: FJ1467
17:41:03 | INFO: Primitives created: 1
17:41:03 | INFO: Extracting primitive: FJ1468
17:41:03 | INFO: Primitives created: 1
17:41:03 | INFO: Extracting primitive: FJ1513
17:41:03 | INFO: Primitives created: 1
17:41:03 | INFO: Extracting primitive: FJ1478
17:41:03 | INFO: Primitives created: 1
17:41:03 | INFO: Extracting primitive: FJ3579
17:41:03 | INFO: Primitives created: 1
17:41:03 | INFO: Extracting primitive: FJ2268
17:41:03 | INFO: Primitives created: 1
17:41:03 | INFO: Extracting primitive: FJ2303
17:41:03 | INFO: Primitives created: 1
17:41:03 | INFO: Extracting primitive: FJ2298
17:41:03 | INFO: Primitives created: 1
17:41:03 | INFO: Extracting primitive: FJ2273
17:41:03 | INFO: Primitives created: 1
17:41:03 | INFO: Extracting primitive: FJ2269
17:41:03 | INFO: Primitives created: 1
17:41:03 | INFO: Extracting primitive: FJ2302
17:41:03 | INFO: Primitives created: 1
17:41:03 | INFO: Extracting primitive: FJ2299
17:41:04 | INFO: Primitives created: 1
17:41:04 | INFO: Extracting primitive: FJ2274
17:41:04 | INFO: Primitives created: 1
17:41:04 | INFO: Finished glTF 2.0 export in 1.34987211227417 s

Info: Saved "shoulder-master.blend"
SHOULDER_PIPELINE_COMPLETE 20 structures

Blender quit
